// Jest Snapshot v1, https://goo.gl/fbAQLP

exports[`CompleteItem should have match the correct snapshot 1`] = `
<div
  className="completed"
>
  <p />
</div>
`;
