// Jest Snapshot v1, https://goo.gl/fbAQLP

exports[`NoteCard should match the snapshot 1`] = `
<Link
  replace={false}
  to="/notes/"
>
  <div
    className="card"
  >
    <h2
      className="card-title"
    >
      Title One
    </h2>
    <div
      className="incomplete-items"
    >
      <IncompleteItem
        description="Note two of Title one"
        key="2"
      />
    </div>
    <div
      className="complete-items"
    >
      <CompleteItem
        description="Note one of Title one"
        key="1"
      />
    </div>
  </div>
</Link>
`;
