// Jest Snapshot v1, https://goo.gl/fbAQLP

exports[`IncompleteItem should have match the correct snapshot 1`] = `
<div
  className="incomplete"
>
  <img
    src="unchecked.svg"
  />
  <p />
</div>
`;
